// Jest Snapshot v1, https://goo.gl/fbAQLP

exports[`game component test should be same as a previous snapshot. 1`] = `
<div
  className="sc-gsTCUz dfFnio"
>
  <div>
    <div
      className="sc-hKgILt bvdiqT"
    >
      <button
        className="sc-bdfBwQ iZlURE"
        id="btn-0"
        onClick={[Function]}
      />
      <button
        className="sc-bdfBwQ iZlURE"
        id="btn-1"
        onClick={[Function]}
      />
      <button
        className="sc-bdfBwQ iZlURE"
        id="btn-2"
        onClick={[Function]}
      />
    </div>
    <div
      className="sc-hKgILt bvdiqT"
    >
      <button
        className="sc-bdfBwQ iZlURE"
        id="btn-3"
        onClick={[Function]}
      />
      <button
        className="sc-bdfBwQ iZlURE"
        id="btn-4"
        onClick={[Function]}
      />
      <button
        className="sc-bdfBwQ iZlURE"
        id="btn-5"
        onClick={[Function]}
      />
    </div>
    <div
      className="sc-hKgILt bvdiqT"
    >
      <button
        className="sc-bdfBwQ iZlURE"
        id="btn-6"
        onClick={[Function]}
      />
      <button
        className="sc-bdfBwQ iZlURE"
        id="btn-7"
        onClick={[Function]}
      />
      <button
        className="sc-bdfBwQ iZlURE"
        id="btn-8"
        onClick={[Function]}
      />
    </div>
  </div>
  <div
    className="sc-dlfnbm laRLSY"
  >
    <div
      className="sc-dlfnbm laRLSY"
    >
      Next player: X
    </div>
    <ol
      className="sc-iBPRYJ guPOEX"
    >
      <li>
        <button
          onClick={[Function]}
        >
          Go to game start
        </button>
      </li>
    </ol>
  </div>
</div>
`;
